<?xml version="1.0" encoding="utf-8"?><testsuites><testsuite name="pytest" errors="0" failures="0" skipped="2" tests="52" time="36.054" timestamp="2026-06-05T17:34:36.897415+07:00" hostname="INBOOK_X2"><testcase classname="tests.test_auth_security" name="test_invalid_jwt_returns_401" time="2.191" /><testcase classname="tests.test_auth_security" name="test_expired_jwt_returns_401" time="0.276" /><testcase classname="tests.test_auth_security" name="test_readonly_key_cannot_place_orders" time="1.096" /><testcase classname="tests.test_auth_security" name="test_readonly_key_can_read_market" time="0.415" /><testcase classname="tests.test_auth_security" name="test_full_key_can_place_orders" time="1.559" /><testcase classname="tests.test_auth_security" name="test_deactivated_key_returns_401" time="0.269" /><testcase classname="tests.test_kpi_audit_completeness" name="test_login_produces_audit_entry" time="0.250" /><testcase classname="tests.test_kpi_audit_completeness" name="test_order_create_produces_audit_entry" time="1.202" /><testcase classname="tests.test_kpi_audit_completeness" name="test_order_cancel_produces_audit_entry" time="0.840" /><testcase classname="tests.test_kpi_audit_completeness" name="test_api_key_lifecycle_produces_audit_entries" time="0.565" /><testcase classname="tests.test_kpi_audit_completeness" name="test_audit_chain_integrity_ok" time="0.801" /><testcase classname="tests.test_kpi_audit_completeness" name="test_audit_chain_tamper_detection" time="0.623" /><testcase classname="tests.test_kpi_auth_failures" name="test_auth_failure_counter_increments" time="0.646" /><testcase classname="tests.test_kpi_auth_failures" name="test_invalid_api_key_increments_counter" time="0.205" /><testcase classname="tests.test_kpi_auth_failures" name="test_security_kpi_endpoint_accessible" time="0.021" /><testcase classname="tests.test_kpi_error_rate" name="test_valid_requests_produce_no_server_errors" time="7.062" /><testcase classname="tests.test_kpi_error_rate" name="test_malformed_requests_return_4xx_not_5xx" time="0.167" /><testcase classname="tests.test_kpi_error_rate" name="test_kpi_error_rate_below_threshold" time="0.024" /><testcase classname="tests.test_kpi_latency" name="test_market_price_latency" time="2.778" /><testcase classname="tests.test_kpi_latency" name="test_market_candles_latency" time="3.893" /><testcase classname="tests.test_kpi_latency" name="test_order_processing_latency" time="6.009" /><testcase classname="tests.test_kpi_ledger" name="test_regulator_overview_has_signature" time="0.217" /><testcase classname="tests.test_kpi_ledger" name="test_regulator_overview_signature_valid" time="0.129" /><testcase classname="tests.test_kpi_ledger" name="test_regulator_overview_tamper_detected" time="0.166" /><testcase classname="tests.test_kpi_ledger" name="test_regulator_overview_wrong_key_detected" time="0.144" /><testcase classname="tests.test_kpi_ledger" name="test_regulator_overview_snapshot_fields" time="0.136" /><testcase classname="tests.test_kpi_ledger" name="test_regulator_exposure_has_signature" time="0.075" /><testcase classname="tests.test_kpi_liquidation" name="test_liquidations_endpoint_accessible" time="0.110" /><testcase classname="tests.test_kpi_liquidation" name="test_liquidation_entries_have_required_fields" time="0.081"><skipped type="pytest.skip" message="No liquidation entries recorded yet — skipping field check">C:\temp\crypto-thesis\tests\test_kpi_liquidation.py:46: No liquidation entries recorded yet — skipping field check</skipped></testcase><testcase classname="tests.test_kpi_liquidation" name="test_liquidation_rate_below_threshold" time="0.215" /><testcase classname="tests.test_kpi_mttd" name="test_mttd_auth_failure_spike_detected" time="0.001"><skipped type="pytest.skip" message="AUTH_FAILURE_SPIKE alert depends on background KPI publisher timing; flaky in containerised test env">C:\temp\crypto-thesis\tests\test_kpi_mttd.py:30: AUTH_FAILURE_SPIKE alert depends on background KPI publisher timing; flaky in containerised test env</skipped></testcase><testcase classname="tests.test_kpi_mttd" name="test_alert_fields_complete" time="0.092" /><testcase classname="tests.test_kpi_uptime" name="test_kpi_system_uptime_field_present" time="0.022" /><testcase classname="tests.test_kpi_uptime" name="test_kpi_uptime_value_range" time="0.025" /><testcase classname="tests.test_kpi_uptime" name="test_health_endpoint_reachable" time="0.217" /><testcase classname="tests.test_kpi_uptime" name="test_kpi_system_response_contains_all_fields" time="0.028" /><testcase classname="tests.test_regulator_access" name="test_trader_cannot_access_regulator_overview" time="0.026" /><testcase classname="tests.test_regulator_access" name="test_trader_denied_all_regulator_endpoints[/regulator/overview]" time="0.030" /><testcase classname="tests.test_regulator_access" name="test_trader_denied_all_regulator_endpoints[/regulator/exposure]" time="0.028" /><testcase classname="tests.test_regulator_access" name="test_trader_denied_all_regulator_endpoints[/regulator/positions]" time="0.027" /><testcase classname="tests.test_regulator_access" name="test_trader_denied_all_regulator_endpoints[/regulator/liquidations]" time="0.027" /><testcase classname="tests.test_regulator_access" name="test_admin_can_access_all_regulator_endpoints[/regulator/overview]" time="0.213" /><testcase classname="tests.test_regulator_access" name="test_admin_can_access_all_regulator_endpoints[/regulator/exposure]" time="0.113" /><testcase classname="tests.test_regulator_access" name="test_admin_can_access_all_regulator_endpoints[/regulator/positions]" time="0.106" /><testcase classname="tests.test_regulator_access" name="test_admin_can_access_all_regulator_endpoints[/regulator/liquidations]" time="0.065" /><testcase classname="tests.test_regulator_access" name="test_regulator_can_access_all_regulator_endpoints[/regulator/overview]" time="0.368" /><testcase classname="tests.test_regulator_access" name="test_regulator_can_access_all_regulator_endpoints[/regulator/exposure]" time="0.068" /><testcase classname="tests.test_regulator_access" name="test_regulator_can_access_all_regulator_endpoints[/regulator/positions]" time="0.059" /><testcase classname="tests.test_regulator_access" name="test_regulator_can_access_all_regulator_endpoints[/regulator/liquidations]" time="0.080" /><testcase classname="tests.test_regulator_access" name="test_regulator_positions_returns_list" time="0.117" /><testcase classname="tests.test_regulator_access" name="test_regulator_access_produces_audit_entry" time="0.182" /><testcase classname="tests.test_zzz_rate_limit" name="test_rate_limit_triggers_429" time="0.040" /></testsuite></testsuites>